[2026-08-12 17:28:33,462][robosuite_logs][INFO] - Loading controller configuration from: /home/atkesonlab4/miniconda3/envs/realrobot2/lib/python3.14/site-packages/robosuite/controllers/config/robots/default_panda.json
[2026-08-12 17:28:33,721][OpenGL.acceleratesupport][INFO] - No OpenGL_accelerate module loaded: No module named 'OpenGL_accelerate'
[2026-08-12 17:28:58,201][hydra.core.utils][ERROR] - Job failed
Traceback (most recent call last):
  File "/home/atkesonlab4/miniconda3/envs/realrobot2/lib/python3.14/site-packages/hydra/core/utils.py", line 176, in run_job
    ret.return_value = task_function(task_cfg)
                       ~~~~~~~~~~~~~^^^^^^^^^^
  File "/home/atkesonlab4/Desktop/YiqiProject/100%_Project/ethernet-plugging/agent/rl_finetuning/train_residual_rl.py", line 764, in hydra_entry
    main(cfg_conf)
    ~~~~^^^^^^^^^^
  File "/home/atkesonlab4/Desktop/YiqiProject/100%_Project/ethernet-plugging/agent/rl_finetuning/train_residual_rl.py", line 424, in main
            env.env =  Env(
                       ~~~^
                robot_ip="192.168.0.100",
                ^^^^^^^^^^^^^^^^^^^^^^^^^
    ...<8 lines>...
                gpullback=grip.grip_pullback_mm,
                ^^^^^^^^^^^^^^^^^^^^^^^^^^^^^^^^
    )
    ^
  File "/home/atkesonlab4/Desktop/YiqiProject/100%_Project/ethernet-plugging/env.py", line 108, in __init__
    self.ctrl = rtde_control.RTDEControlInterface(robot_ip)
                ~~~~~~~~~~~~~~~~~~~~~~~~~~~~~~~~~^^^^^^^^^^
RuntimeError: One of the RTDE input registers are already in use! Currently you must disable the EtherNet/IP adapter, PROFINET or any MODBUS unit configured on the robot. This might change in the future.
