[2026-08-12 20:03:06,099][robosuite_logs][INFO] - Loading controller configuration from: /home/atkesonlab4/miniconda3/envs/realrobot2/lib/python3.14/site-packages/robosuite/controllers/config/robots/default_panda.json
[2026-08-12 20:03:06,365][OpenGL.acceleratesupport][INFO] - No OpenGL_accelerate module loaded: No module named 'OpenGL_accelerate'
[2026-08-12 20:03:24,651][hydra.core.utils][ERROR] - Job failed
Traceback (most recent call last):
  File "/home/atkesonlab4/miniconda3/envs/realrobot2/lib/python3.14/site-packages/hydra/core/utils.py", line 176, in run_job
    ret.return_value = task_function(task_cfg)
                       ~~~~~~~~~~~~~^^^^^^^^^^
  File "/home/atkesonlab4/Desktop/YiqiProject/100%_Project/ethernet-plugging/agent/rl_finetuning/train_residual_rl.py", line 749, in hydra_entry
    main(cfg_conf)
    ~~~~^^^^^^^^^^
  File "/home/atkesonlab4/Desktop/YiqiProject/100%_Project/ethernet-plugging/agent/rl_finetuning/train_residual_rl.py", line 388, in main
    _add_transitions_to_buffer(
    ~~~~~~~~~~~~~~~~~~~~~~~~~~^
        obs=obs,
        ^^^^^^^^
    ...<8 lines>...
        online_rb=online_rb,
        ^^^^^^^^^^^^^^^^^^^^
    )
    ^
  File "/home/atkesonlab4/Desktop/YiqiProject/100%_Project/ethernet-plugging/agent/rl_finetuning/train_residual_rl.py", line 71, in _add_transitions_to_buffer
    online_rb.add(td)
    ~~~~~~~~~~~~~^^^^
  File "/home/atkesonlab4/miniconda3/envs/realrobot2/lib/python3.14/site-packages/torchrl/data/replay_buffers/replay_buffers.py", line 104, in wrapper
    return func(self, *args, **kwargs)
  File "/home/atkesonlab4/miniconda3/envs/realrobot2/lib/python3.14/site-packages/torchrl/data/replay_buffers/replay_buffers.py", line 2287, in add
    return super().add(data)
           ~~~~~~~~~~~^^^^^^
  File "/home/atkesonlab4/miniconda3/envs/realrobot2/lib/python3.14/site-packages/torchrl/data/replay_buffers/replay_buffers.py", line 104, in wrapper
    return func(self, *args, **kwargs)
  File "/home/atkesonlab4/miniconda3/envs/realrobot2/lib/python3.14/site-packages/torchrl/data/replay_buffers/replay_buffers.py", line 1860, in add
    data = self._transform.inv(data)
  File "/home/atkesonlab4/miniconda3/envs/realrobot2/lib/python3.14/site-packages/tensordict/nn/common.py", line 328, in wrapper
    return func(_self, tensordict, *args, **kwargs)
  File "/home/atkesonlab4/miniconda3/envs/realrobot2/lib/python3.14/site-packages/torchrl/envs/transforms/_base.py", line 646, in inv
    out = self._inv_call(clone(tensordict))
  File "/home/atkesonlab4/miniconda3/envs/realrobot2/lib/python3.14/site-packages/torchrl/envs/transforms/_base.py", line 1799, in _inv_call
    tensordict = t._inv_call(tensordict)
  File "/home/atkesonlab4/Desktop/YiqiProject/100%_Project/ethernet-plugging/agent/rl_finetuning/utils/rb_transforms.py", line 189, in _inv_call
    total_cat = self._append_tensordict(tensordict)
  File "/home/atkesonlab4/Desktop/YiqiProject/100%_Project/ethernet-plugging/agent/rl_finetuning/utils/rb_transforms.py", line 210, in _append_tensordict
    total_cat = torch.cat([self._buffer, data], -1)
  File "/home/atkesonlab4/miniconda3/envs/realrobot2/lib/python3.14/site-packages/tensordict/base.py", line 768, in __torch_function__
    return TD_HANDLED_FUNCTIONS[func](*args, **kwargs)
           ~~~~~~~~~~~~~~~~~~~~~~~~~~^^^^^^^^^^^^^^^^^
  File "/home/atkesonlab4/miniconda3/envs/realrobot2/lib/python3.14/site-packages/tensordict/_torch_func.py", line 461, in _cat
    out[key] = torch.cat(items, dim)
               ~~~~~~~~~^^^^^^^^^^^^
  File "/home/atkesonlab4/miniconda3/envs/realrobot2/lib/python3.14/site-packages/tensordict/base.py", line 768, in __torch_function__
    return TD_HANDLED_FUNCTIONS[func](*args, **kwargs)
           ~~~~~~~~~~~~~~~~~~~~~~~~~~^^^^^^^^^^^^^^^^^
  File "/home/atkesonlab4/miniconda3/envs/realrobot2/lib/python3.14/site-packages/tensordict/_torch_func.py", line 461, in _cat
    out[key] = torch.cat(items, dim)
               ~~~~~~~~~^^^^^^^^^^^^
RuntimeError: Tensors must have same number of dimensions: got 2 and 3
