[2026-08-13 08:50:24,282][robosuite_logs][INFO] - Loading controller configuration from: /home/atkesonlab4/miniconda3/envs/realrobot2/lib/python3.14/site-packages/robosuite/controllers/config/robots/default_panda.json
[2026-08-13 08:50:24,549][OpenGL.acceleratesupport][INFO] - No OpenGL_accelerate module loaded: No module named 'OpenGL_accelerate'
[2026-08-13 08:50:50,881][hydra.core.utils][ERROR] - Job failed
Traceback (most recent call last):
  File "/home/atkesonlab4/miniconda3/envs/realrobot2/lib/python3.14/site-packages/tensordict/_td.py", line 2935, in _get_str
    return self._tensordict[key]
           ~~~~~~~~~~~~~~~~^^^^^
KeyError: 'rgb'

During handling of the above exception, another exception occurred:

Traceback (most recent call last):
  File "/home/atkesonlab4/miniconda3/envs/realrobot2/lib/python3.14/site-packages/hydra/core/utils.py", line 176, in run_job
    ret.return_value = task_function(task_cfg)
                       ~~~~~~~~~~~~~^^^^^^^^^^
  File "/home/atkesonlab4/Desktop/YiqiProject/100%_Project/ethernet-plugging/agent/rl_finetuning/train_residual_rl.py", line 759, in hydra_entry
    main(cfg_conf)
    ~~~~^^^^^^^^^^
  File "/home/atkesonlab4/Desktop/YiqiProject/100%_Project/ethernet-plugging/agent/rl_finetuning/train_residual_rl.py", line 526, in main
    _run_critic_warmup(
    ~~~~~~~~~~~~~~~~~~^
        agent=agent,
        ^^^^^^^^^^^^
    ...<5 lines>...
        offline_batch_size=offline_batch_size,
        ^^^^^^^^^^^^^^^^^^^^^^^^^^^^^^^^^^^^^^
    )
    ^
  File "/home/atkesonlab4/Desktop/YiqiProject/100%_Project/ethernet-plugging/agent/rl_finetuning/train_residual_rl.py", line 487, in _run_critic_warmup
    metrics = agent.update(batch, stddev=0.0, update_actor=False, )
  File "/home/atkesonlab4/Desktop/YiqiProject/100%_Project/ethernet-plugging/agent/rl_finetuning/off_policy/rl/q_agent.py", line 471, in update
    obs["feat"] = self._encode(obs, augment=True)
                  ~~~~~~~~~~~~^^^^^^^^^^^^^^^^^^^
  File "/home/atkesonlab4/Desktop/YiqiProject/100%_Project/ethernet-plugging/agent/rl_finetuning/off_policy/rl/q_agent.py", line 222, in _encode
    data = obs[cam_name]
           ~~~^^^^^^^^^^
  File "/home/atkesonlab4/miniconda3/envs/realrobot2/lib/python3.14/site-packages/tensordict/base.py", line 680, in __getitem__
    return self._get_tuple_maybe_non_tensor(idx_unravel, NO_DEFAULT)
           ~~~~~~~~~~~~~~~~~~~~~~~~~~~~~~~~^^^^^^^^^^^^^^^^^^^^^^^^^
  File "/home/atkesonlab4/miniconda3/envs/realrobot2/lib/python3.14/site-packages/tensordict/base.py", line 8257, in _get_tuple_maybe_non_tensor
    result = self._get_tuple(key, default, **kwargs)
  File "/home/atkesonlab4/miniconda3/envs/realrobot2/lib/python3.14/site-packages/tensordict/_td.py", line 2940, in _get_tuple
    first = self._get_str(key[0], default, **kwargs)
  File "/home/atkesonlab4/miniconda3/envs/realrobot2/lib/python3.14/site-packages/tensordict/_td.py", line 2937, in _get_str
    return self._default_get(key, default)
           ~~~~~~~~~~~~~~~~~^^^^^^^^^^^^^^
  File "/home/atkesonlab4/miniconda3/envs/realrobot2/lib/python3.14/site-packages/tensordict/base.py", line 8194, in _default_get
    raise KeyError(
        _KEY_ERROR.format(key, type(self).__name__, sorted(self.keys()))
    )
KeyError: 'key "rgb" not found in TensorDict with keys [\'observation.base_action\', \'observation.rgb\', \'observation.state\']'
