[2026-08-13 09:44:12,126][robosuite_logs][INFO] - Loading controller configuration from: /home/atkesonlab4/miniconda3/envs/realrobot2/lib/python3.14/site-packages/robosuite/controllers/config/robots/default_panda.json
[2026-08-13 09:44:12,383][OpenGL.acceleratesupport][INFO] - No OpenGL_accelerate module loaded: No module named 'OpenGL_accelerate'
[2026-08-13 09:44:52,204][hydra.core.utils][ERROR] - Job failed
Traceback (most recent call last):
  File "/home/atkesonlab4/miniconda3/envs/realrobot2/lib/python3.14/site-packages/hydra/core/utils.py", line 176, in run_job
    ret.return_value = task_function(task_cfg)
                       ~~~~~~~~~~~~~^^^^^^^^^^
  File "/home/atkesonlab4/Desktop/YiqiProject/100%_Project/ethernet-plugging/agent/rl_finetuning/train_residual_rl.py", line 748, in hydra_entry
    main(cfg_conf)
    ~~~~^^^^^^^^^^
  File "/home/atkesonlab4/Desktop/YiqiProject/100%_Project/ethernet-plugging/agent/rl_finetuning/train_residual_rl.py", line 550, in main
    action = agent.act(obs, eval_mode=False, stddev=stddev, cpu=False)
  File "/home/atkesonlab4/Desktop/YiqiProject/100%_Project/ethernet-plugging/agent/rl_finetuning/off_policy/rl/q_agent.py", line 270, in act
    action = self._act_default(
        obs=obs,
    ...<3 lines>...
        use_target=False,
    )
  File "/home/atkesonlab4/Desktop/YiqiProject/100%_Project/ethernet-plugging/agent/rl_finetuning/off_policy/rl/q_agent.py", line 296, in _act_default
    dist = actor.forward(obs, stddev)
  File "/home/atkesonlab4/Desktop/YiqiProject/100%_Project/ethernet-plugging/agent/rl_finetuning/off_policy/rl/actor.py", line 166, in forward
    policy_input = torch.cat(all_input, dim=-1)
RuntimeError: Expected all tensors to be on the same device, but got tensors is on cpu, different from other tensors on cuda:0 (when checking argument in method wrapper_CUDA_cat)
