[2026-08-12 16:16:48,966][robosuite_logs][INFO] - Loading controller configuration from: /home/atkesonlab4/miniconda3/envs/realrobot2/lib/python3.14/site-packages/robosuite/controllers/config/robots/default_panda.json
[2026-08-12 16:16:49,227][OpenGL.acceleratesupport][INFO] - No OpenGL_accelerate module loaded: No module named 'OpenGL_accelerate'
[2026-08-12 16:17:05,499][hydra.core.utils][ERROR] - Job failed
Traceback (most recent call last):
  File "/home/atkesonlab4/miniconda3/envs/realrobot2/lib/python3.14/site-packages/hydra/core/utils.py", line 176, in run_job
    ret.return_value = task_function(task_cfg)
                       ~~~~~~~~~~~~~^^^^^^^^^^
  File "/home/atkesonlab4/Desktop/YiqiProject/100%_Project/ethernet-plugging/agent/rl_finetuning/train_residual_rl.py", line 748, in hydra_entry
    main(cfg_conf)
    ~~~~^^^^^^^^^^
  File "/home/atkesonlab4/Desktop/YiqiProject/100%_Project/ethernet-plugging/agent/rl_finetuning/train_residual_rl.py", line 387, in main
    next_obs, reward, terminated, info = env.step(rand_actions)
                                         ~~~~~~~~^^^^^^^^^^^^^^
  File "/home/atkesonlab4/Desktop/YiqiProject/100%_Project/ethernet-plugging/agent/rl_finetuning/wrappers/rl_env.py", line 179, in step
    self.step_task_stage(raw_obs)
    ~~~~~~~~~~~~~~~~~~~~^^^^^^^^^
  File "/home/atkesonlab4/Desktop/YiqiProject/100%_Project/ethernet-plugging/agent/rl_finetuning/wrappers/rl_env.py", line 143, in step_task_stage
    prev_state = self.linK_state; curr_state = raw_obs['network_status']
                 ^^^^^^^^^^^^^^^
AttributeError: 'BasePolicyVecEnvWrapper' object has no attribute 'linK_state'. Did you mean: 'link_state'?
