[2026-08-12 18:34:59,158][robosuite_logs][INFO] - Loading controller configuration from: /home/atkesonlab4/miniconda3/envs/realrobot2/lib/python3.14/site-packages/robosuite/controllers/config/robots/default_panda.json
[2026-08-12 18:34:59,424][OpenGL.acceleratesupport][INFO] - No OpenGL_accelerate module loaded: No module named 'OpenGL_accelerate'
[2026-08-12 18:35:17,695][hydra.core.utils][ERROR] - Job failed
Traceback (most recent call last):
  File "/home/atkesonlab4/miniconda3/envs/realrobot2/lib/python3.14/site-packages/hydra/core/utils.py", line 176, in run_job
    ret.return_value = task_function(task_cfg)
                       ~~~~~~~~~~~~~^^^^^^^^^^
  File "/home/atkesonlab4/Desktop/YiqiProject/100%_Project/ethernet-plugging/agent/rl_finetuning/train_residual_rl.py", line 754, in hydra_entry
    main(cfg_conf)
    ~~~~^^^^^^^^^^
  File "/home/atkesonlab4/Desktop/YiqiProject/100%_Project/ethernet-plugging/agent/rl_finetuning/train_residual_rl.py", line 395, in main
    _add_transitions_to_buffer(
    ~~~~~~~~~~~~~~~~~~~~~~~~~~^
        obs=obs,
        ^^^^^^^^
    ...<8 lines>...
        online_rb=online_rb,
        ^^^^^^^^^^^^^^^^^^^^
    )
    ^
TypeError: _add_transitions_to_buffer() missing 1 required keyword-only argument: 'image_keys'
