[2026-08-11 15:22:29,342][hydra.core.utils][ERROR] - Job failed
Traceback (most recent call last):
  File "/home/atkesonlab4/miniconda3/envs/realrobot2/lib/python3.14/site-packages/hydra/core/utils.py", line 176, in run_job
    ret.return_value = task_function(task_cfg)
                       ~~~~~~~~~~~~~^^^^^^^^^^
  File "/home/atkesonlab4/Desktop/YiqiProject/100%_Project/ethernet-plugging/agent/rl_finetuning/train_residual_rl.py", line 780, in hydra_entry
    main(cfg_conf)
    ~~~~^^^^^^^^^^
  File "/home/atkesonlab4/Desktop/YiqiProject/100%_Project/ethernet-plugging/agent/rl_finetuning/train_residual_rl.py", line 162, in main
    env = get_envs(base_policy=base_policy); cfg.eval_num_envs = 1
  File "/home/atkesonlab4/Desktop/YiqiProject/100%_Project/ethernet-plugging/agent/rl_finetuning/train_residual_rl.py", line 120, in get_envs
    env = Env(
        robot_ip="192.168.0.100",
    ...<8 lines>...
        gpullback=grip.grip_pullback_mm,
    )
  File "/home/atkesonlab4/Desktop/YiqiProject/100%_Project/ethernet-plugging/env.py", line 108, in __init__
    self.ctrl = rtde_control.RTDEControlInterface(robot_ip)
                ~~~~~~~~~~~~~~~~~~~~~~~~~~~~~~~~~^^^^^^^^^^
RuntimeError: ur_rtde: Failed to start control script, before timeout of 5 seconds
