[2026-08-13 08:55:44,007][robosuite_logs][INFO] - Loading controller configuration from: /home/atkesonlab4/miniconda3/envs/realrobot2/lib/python3.14/site-packages/robosuite/controllers/config/robots/default_panda.json
[2026-08-13 08:55:44,309][OpenGL.acceleratesupport][INFO] - No OpenGL_accelerate module loaded: No module named 'OpenGL_accelerate'
[2026-08-13 08:56:10,904][hydra.core.utils][ERROR] - Job failed
Traceback (most recent call last):
  File "/home/atkesonlab4/miniconda3/envs/realrobot2/lib/python3.14/site-packages/hydra/core/utils.py", line 176, in run_job
    ret.return_value = task_function(task_cfg)
                       ~~~~~~~~~~~~~^^^^^^^^^^
  File "/home/atkesonlab4/Desktop/YiqiProject/100%_Project/ethernet-plugging/agent/rl_finetuning/train_residual_rl.py", line 759, in hydra_entry
    main(cfg_conf)
    ~~~~^^^^^^^^^^
  File "/home/atkesonlab4/Desktop/YiqiProject/100%_Project/ethernet-plugging/agent/rl_finetuning/train_residual_rl.py", line 526, in main
    _run_critic_warmup(
    ~~~~~~~~~~~~~~~~~~^
        agent=agent,
        ^^^^^^^^^^^^
    ...<5 lines>...
        offline_batch_size=offline_batch_size,
        ^^^^^^^^^^^^^^^^^^^^^^^^^^^^^^^^^^^^^^
    )
    ^
  File "/home/atkesonlab4/Desktop/YiqiProject/100%_Project/ethernet-plugging/agent/rl_finetuning/train_residual_rl.py", line 487, in _run_critic_warmup
    metrics = agent.update(batch, stddev=0.0, update_actor=False, )
  File "/home/atkesonlab4/Desktop/YiqiProject/100%_Project/ethernet-plugging/agent/rl_finetuning/off_policy/rl/q_agent.py", line 471, in update
    obs["feat"] = self._encode(obs, augment=True)
                  ~~~~~~~~~~~~^^^^^^^^^^^^^^^^^^^
  File "/home/atkesonlab4/Desktop/YiqiProject/100%_Project/ethernet-plugging/agent/rl_finetuning/off_policy/rl/q_agent.py", line 234, in _encode
    feat_cam = self.encoders[cam_idx].forward(data, flatten=False)
  File "/home/atkesonlab4/Desktop/YiqiProject/100%_Project/ethernet-plugging/agent/rl_finetuning/off_policy/networks/encoder.py", line 33, in forward
    feats: torch.Tensor = self.vit.forward(obs)
                          ~~~~~~~~~~~~~~~~^^^^^
  File "/home/atkesonlab4/Desktop/YiqiProject/100%_Project/ethernet-plugging/agent/rl_finetuning/off_policy/networks/min_vit.py", line 116, in forward
    x = x + self.pos_embed
        ~~^~~~~~~~~~~~~~~~
RuntimeError: The size of tensor a (225) must match the size of tensor b (81) at non-singleton dimension 1
