[2026-08-12 16:59:35,186][robosuite_logs][INFO] - Loading controller configuration from: /home/atkesonlab4/miniconda3/envs/realrobot2/lib/python3.14/site-packages/robosuite/controllers/config/robots/default_panda.json
[2026-08-12 16:59:35,428][OpenGL.acceleratesupport][INFO] - No OpenGL_accelerate module loaded: No module named 'OpenGL_accelerate'
[2026-08-12 16:59:44,672][robosuite_logs][INFO] - Loading controller configuration from: /home/atkesonlab4/miniconda3/envs/realrobot2/lib/python3.14/site-packages/robosuite/controllers/config/robots/default_panda.json
[2026-08-12 16:59:45,068][hydra.core.utils][ERROR] - Job failed
Traceback (most recent call last):
  File "/home/atkesonlab4/Desktop/YiqiProject/100%_Project/ethernet-plugging/dualsense.py", line 214, in __init__
    self.device.open(self.vendor_id, self.product_id)  # DualSense
    ~~~~~~~~~~~~~~~~^^^^^^^^^^^^^^^^^^^^^^^^^^^^^^^^^
  File "hid.pyx", line 143, in hid.device.open
OSError: open failed

During handling of the above exception, another exception occurred:

Traceback (most recent call last):
  File "/home/atkesonlab4/miniconda3/envs/realrobot2/lib/python3.14/site-packages/hydra/core/utils.py", line 176, in run_job
    ret.return_value = task_function(task_cfg)
                       ~~~~~~~~~~~~~^^^^^^^^^^
  File "/home/atkesonlab4/Desktop/YiqiProject/100%_Project/ethernet-plugging/agent/rl_finetuning/train_residual_rl.py", line 750, in hydra_entry
    main(cfg_conf)
    ~~~~^^^^^^^^^^
  File "/home/atkesonlab4/Desktop/YiqiProject/100%_Project/ethernet-plugging/agent/rl_finetuning/train_residual_rl.py", line 422, in main
    obs, _ = env.reset()
             ~~~~~~~~~^^
  File "/home/atkesonlab4/Desktop/YiqiProject/100%_Project/ethernet-plugging/agent/rl_finetuning/wrappers/rl_env.py", line 123, in reset
    self.iface = interface.DualSenseInterface( self.env.home_pose, xyzspeed=0.08, rpyspeed=0.9, forcespeed=5. )
                 ~~~~~~~~~~~~~~~~~~~~~~~~~~~~^^^^^^^^^^^^^^^^^^^^^^^^^^^^^^^^^^^^^^^^^^^^^^^^^^^^^^^^^^^^^^^^^^
  File "/home/atkesonlab4/Desktop/YiqiProject/100%_Project/ethernet-plugging/interface.py", line 15, in __init__
    self.dualsense = DualSense(self.env)
                     ~~~~~~~~~^^^^^^^^^^
  File "/home/atkesonlab4/Desktop/YiqiProject/100%_Project/ethernet-plugging/dualsense.py", line 219, in __init__
    f"or try other product ids for SONY DualSense in {[hex(id) for id in macros.DUALSENSE_PRODUCT_ID]}"
                                                                         ^^^^^^^^^^^^^^^^^^^^^^^^^^^
TypeError: 'int' object is not iterable
