[2026-08-11 17:08:01,969][hydra.core.utils][ERROR] - Job failed
Traceback (most recent call last):
  File "/home/atkesonlab4/miniconda3/envs/realrobot2/lib/python3.14/site-packages/hydra/core/utils.py", line 176, in run_job
    ret.return_value = task_function(task_cfg)
                       ~~~~~~~~~~~~~^^^^^^^^^^
  File "/home/atkesonlab4/Desktop/YiqiProject/100%_Project/ethernet-plugging/agent/rl_finetuning/train_residual_rl.py", line 749, in hydra_entry
    main(cfg_conf)
    ~~~~^^^^^^^^^^
  File "/home/atkesonlab4/Desktop/YiqiProject/100%_Project/ethernet-plugging/agent/rl_finetuning/train_residual_rl.py", line 344, in main
    added = _populate_offline_buffer(
        offline_episodes, ep_states, ep_actions,
    ...<2 lines>...
        base_policy=base_policy if cfg.offline_data.use_base_policy_for_base_actions else None,
    )
  File "/home/atkesonlab4/Desktop/YiqiProject/100%_Project/ethernet-plugging/agent/rl_finetuning/train_residual_rl.py", line 322, in _populate_offline_buffer
    rb.add(transition)
    ~~~~~~^^^^^^^^^^^^
  File "/home/atkesonlab4/miniconda3/envs/realrobot2/lib/python3.14/site-packages/torchrl/data/replay_buffers/replay_buffers.py", line 104, in wrapper
    return func(self, *args, **kwargs)
  File "/home/atkesonlab4/miniconda3/envs/realrobot2/lib/python3.14/site-packages/torchrl/data/replay_buffers/replay_buffers.py", line 2287, in add
    return super().add(data)
           ~~~~~~~~~~~^^^^^^
  File "/home/atkesonlab4/miniconda3/envs/realrobot2/lib/python3.14/site-packages/torchrl/data/replay_buffers/replay_buffers.py", line 104, in wrapper
    return func(self, *args, **kwargs)
  File "/home/atkesonlab4/miniconda3/envs/realrobot2/lib/python3.14/site-packages/torchrl/data/replay_buffers/replay_buffers.py", line 1860, in add
    data = self._transform.inv(data)
  File "/home/atkesonlab4/miniconda3/envs/realrobot2/lib/python3.14/site-packages/tensordict/nn/common.py", line 328, in wrapper
    return func(_self, tensordict, *args, **kwargs)
  File "/home/atkesonlab4/miniconda3/envs/realrobot2/lib/python3.14/site-packages/torchrl/envs/transforms/_base.py", line 646, in inv
    out = self._inv_call(clone(tensordict))
  File "/home/atkesonlab4/miniconda3/envs/realrobot2/lib/python3.14/site-packages/torchrl/envs/transforms/_base.py", line 1799, in _inv_call
    tensordict = t._inv_call(tensordict)
  File "/home/atkesonlab4/Desktop/YiqiProject/100%_Project/ethernet-plugging/agent/rl_finetuning/utils/rb_transforms.py", line 191, in _inv_call
    out = _multi_step_func(
        total_cat,
    ...<5 lines>...
        gamma=self.gamma,
    )
  File "/home/atkesonlab4/Desktop/YiqiProject/100%_Project/ethernet-plugging/agent/rl_finetuning/utils/rb_transforms.py", line 269, in _multi_step_func
    tensordict_gather = tensordict.get("next").exclude(*reward_keys, *done_keys).gather(-1, idx_to_gather)
  File "/home/atkesonlab4/miniconda3/envs/realrobot2/lib/python3.14/site-packages/tensordict/base.py", line 5021, in gather
    return torch.gather(self, dim, index, out=out)
           ~~~~~~~~~~~~^^^^^^^^^^^^^^^^^^^^^^^^^^^
  File "/home/atkesonlab4/miniconda3/envs/realrobot2/lib/python3.14/site-packages/tensordict/base.py", line 768, in __torch_function__
    return TD_HANDLED_FUNCTIONS[func](*args, **kwargs)
           ~~~~~~~~~~~~~~~~~~~~~~~~~~^^^^^^^^^^^^^^^^^
  File "/home/atkesonlab4/miniconda3/envs/realrobot2/lib/python3.14/site-packages/tensordict/_torch_func.py", line 223, in _gather
    key: _process_gather_value(value)
         ~~~~~~~~~~~~~~~~~~~~~^^^^^^^
  File "/home/atkesonlab4/miniconda3/envs/realrobot2/lib/python3.14/site-packages/tensordict/_torch_func.py", line 213, in _process_gather_value
    return _gather_tensor(value)
  File "/home/atkesonlab4/miniconda3/envs/realrobot2/lib/python3.14/site-packages/tensordict/_torch_func.py", line 207, in _gather_tensor
    out = torch.gather(tensor, dim, index_expand, out=dest)
  File "/home/atkesonlab4/miniconda3/envs/realrobot2/lib/python3.14/site-packages/tensordict/base.py", line 768, in __torch_function__
    return TD_HANDLED_FUNCTIONS[func](*args, **kwargs)
           ~~~~~~~~~~~~~~~~~~~~~~~~~~^^^^^^^^^^^^^^^^^
  File "/home/atkesonlab4/miniconda3/envs/realrobot2/lib/python3.14/site-packages/tensordict/_torch_func.py", line 223, in _gather
    key: _process_gather_value(value)
         ~~~~~~~~~~~~~~~~~~~~~^^^^^^^
  File "/home/atkesonlab4/miniconda3/envs/realrobot2/lib/python3.14/site-packages/tensordict/_torch_func.py", line 213, in _process_gather_value
    return _gather_tensor(value)
  File "/home/atkesonlab4/miniconda3/envs/realrobot2/lib/python3.14/site-packages/tensordict/_torch_func.py", line 207, in _gather_tensor
    out = torch.gather(tensor, dim, index_expand, out=dest)
RuntimeError: Expected all tensors to be on the same device, but got index is on cpu, different from other tensors on cuda:0 (when checking argument in method wrapper_CUDA_gather)
